// Jest Snapshot v1, https://goo.gl/fbAQLP

exports[`selector.component renders without crashing 1`] = `
<div
  className="dropdown"
  onKeyDown={[Function]}
>
  <button
    aria-expanded={false}
    aria-haspopup={true}
    className="dropdown-toggle btn btn-success"
    disabled={false}
    id="dropdown-basic"
    onClick={[Function]}
    type="button"
  >
    Select please
  </button>
</div>
`;
